[vazadinhosfamosaas.netlify.app/index.html]
[vazadinhosfamosaas.netlify.app/vite.0.delayed]
[backblue.gif]
[fade.gif]
[index.html]
[vazadinhosfamosaas.netlify.app/js/index-Dq1s-n05.js]
[vazadinhosfamosaas.netlify.app/css/index-JeHf74JQ.css]
[vazadinhosfamosaas.netlify.app/index.html]
[vazadinhosfamosaas.netlify.app/vite.html]
[vazadinhosfamosaas.netlify.app/css/index-JeHf74JQ.css]
[connect.facebook.net/en_US/fbevents.js]
[vazadinhosfamosaas.netlify.app/a.4.delayed]
[vazadinhosfamosaas.netlify.app/POST.5.delayed]
[vazadinhosfamosaas.netlify.app/schema.org/index.html]
[vazadinhosfamosaas.netlify.app/b.6.delayed]
[vazadinhosfamosaas.netlify.app/d.7.delayed]
[vazadinhosfamosaas.netlify.app/signals/iwl.8.delayed]
[vazadinhosfamosaas.netlify.app/c.9.delayed]
[vazadinhosfamosaas.netlify.app/c.a.delayed]
[connect.facebook.net/en_US/fbevents.js]
[vazadinhosfamosaas.netlify.app/a.html]
[vazadinhosfamosaas.netlify.app/POST.html]
[vazadinhosfamosaas.netlify.app/schema.org/index.html]
[vazadinhosfamosaas.netlify.app/b.html]
[vazadinhosfamosaas.netlify.app/d.html]
[vazadinhosfamosaas.netlify.app/signals/iwl.html]
[vazadinhosfamosaas.netlify.app/c.html]
[vazadinhosfamosaas.netlify.app/c-2.html]
